ecKrub-ExtraLight Krub-ExtraLight " T1Encoding ReEncoding " <Krub-ExtraLight.ttf T1-WGL4.enc
ecKrub-ExtraLightItalic Krub-ExtraLightItalic " T1Encoding ReEncoding " <Krub-ExtraLightItalic.ttf T1-WGL4.enc
ecKrub-Light Krub-Light " T1Encoding ReEncoding " <Krub-Light.ttf T1-WGL4.enc
ecKrub-LightItalic Krub-LightItalic " T1Encoding ReEncoding " <Krub-LightItalic.ttf T1-WGL4.enc
ecKrub-Regular Krub-Regular " T1Encoding ReEncoding " <Krub-Regular.ttf T1-WGL4.enc
ecKrub-Italic Krub-Italic " T1Encoding ReEncoding " <Krub-Italic.ttf T1-WGL4.enc
ecKrub-Medium Krub-Medium " T1Encoding ReEncoding " <Krub-Medium.ttf T1-WGL4.enc
ecKrub-MediumItalic Krub-MediumItalic " T1Encoding ReEncoding " <Krub-MediumItalic.ttf T1-WGL4.enc
ecKrub-SemiBold Krub-SemiBold " T1Encoding ReEncoding " <Krub-SemiBold.ttf T1-WGL4.enc
ecKrub-SemiBoldItalic Krub-SemiBoldItalic " T1Encoding ReEncoding " <Krub-SemiBoldItalic.ttf T1-WGL4.enc
ecKrub-Bold Krub-Bold " T1Encoding ReEncoding " <Krub-Bold.ttf T1-WGL4.enc
ecKrub-BoldItalic Krub-BoldItalic " T1Encoding ReEncoding " <Krub-BoldItalic.ttf T1-WGL4.enc
